0 verbose cli /Users/nelsonribeiro/.nvm/versions/node/v22.19.0/bin/node /Users/nelsonribeiro/.nvm/versions/node/v22.19.0/bin/npm
1 info using npm@10.9.3
2 info using node@v22.19.0
3 silly config load:file:/Users/nelsonribeiro/.nvm/versions/node/v22.19.0/lib/node_modules/npm/npmrc
4 silly config load:file:/Users/nelsonribeiro/ai-document-workflow/.npmrc
5 silly config load:file:/Users/nelsonribeiro/.npmrc
6 silly config load:file:/Users/nelsonribeiro/.nvm/versions/node/v22.19.0/etc/npmrc
7 verbose title npm create vue@latest client --typescript --router --pinia --vitest --eslint --prettier
8 verbose argv "create" "vue@latest" "client" "--" "--typescript" "--router" "--pinia" "--vitest" "--eslint" "--prettier"
9 verbose logfile logs-max:10 dir:/Users/nelsonribeiro/ai-document-workflow/.npm-cache/_logs/2026-03-23T13_34_52_997Z-
10 verbose logfile /Users/nelsonribeiro/ai-document-workflow/.npm-cache/_logs/2026-03-23T13_34_52_997Z-debug-0.log
11 silly logfile done cleaning log files
12 silly packumentCache heap:2197815296 maxSize:549453824 maxEntrySize:274726912
13 http fetch GET 200 https://registry.npmjs.org/create-vue 130ms (cache miss)
14 silly packumentCache heap:2197815296 maxSize:549453824 maxEntrySize:274726912
15 warn exec The following package was not found and will be installed: create-vue@3.22.1
16 silly idealTree buildDeps
17 silly fetch manifest create-vue@3.22.1
18 silly packumentCache full:https://registry.npmjs.org/create-vue cache-miss
19 http fetch GET 200 https://registry.npmjs.org/create-vue 252ms (cache miss)
20 silly packumentCache full:https://registry.npmjs.org/create-vue set size:undefined disposed:false
21 silly placeDep ROOT create-vue@3.22.1 OK for:  want: 3.22.1
22 silly reify moves {}
23 silly audit bulk request { 'create-vue': [ '3.22.1' ] }
24 http cache create-vue@https://registry.npmjs.org/create-vue/-/create-vue-3.22.1.tgz 0ms (cache hit)
25 silly tarball no local data for create-vue@https://registry.npmjs.org/create-vue/-/create-vue-3.22.1.tgz. Extracting by manifest.
26 warn tar TAR_ENTRY_ERROR ENOENT: no such file or directory, lstat '/Users/nelsonribeiro/ai-document-workflow/.npm-cache/_npx/2f7e7bff16d1c534/node_modules/create-vue/template/base/.vscode'
27 silly tar TAR_ENTRY_ERROR ENOENT: no such file or directory, lstat '/Users/nelsonribeiro/ai-document-workflow/.npm-cache/_npx/2f7e7bff16d1c534/node_modules/create-vue/template/base/.vscode' [Error: ENOENT: no such file or directory, lstat '/Users/nelsonribeiro/ai-document-workflow/.npm-cache/_npx/2f7e7bff16d1c534/node_modules/create-vue/template/base/.vscode'] {
27 silly tar   errno: -2,
27 silly tar   code: 'ENOENT',
27 silly tar   syscall: 'lstat',
27 silly tar   path: '/Users/nelsonribeiro/ai-document-workflow/.npm-cache/_npx/2f7e7bff16d1c534/node_modules/create-vue/template/base/.vscode',
27 silly tar   entry: ReadEntry {
27 silly tar     _events: [Object: null prototype] { end: [Function (anonymous)] },
27 silly tar     _eventsCount: 1,
27 silly tar     _maxListeners: undefined,
27 silly tar     writable: false,
27 silly tar     readable: true,
27 silly tar     extended: null,
27 silly tar     globalExtended: null,
27 silly tar     header: Header {
27 silly tar       cksumValid: true,
27 silly tar       needPax: false,
27 silly tar       nullBlock: false,
27 silly tar       block: null,
27 silly tar       path: 'package/template/base/.vscode/extensions.json',
27 silly tar       mode: 420,
27 silly tar       uid: 0,
27 silly tar       gid: 0,
27 silly tar       size: 39,
27 silly tar       mtime: 1985-10-26T08:15:00.000Z,
27 silly tar       cksum: 8193,
27 silly tar       linkpath: '',
27 silly tar       uname: '',
27 silly tar       gname: '',
27 silly tar       devmaj: 0,
27 silly tar       devmin: 0,
27 silly tar       atime: null,
27 silly tar       ctime: null,
27 silly tar       [Symbol(type)]: '0'
27 silly tar     },
27 silly tar     startBlockSize: 512,
27 silly tar     blockRemain: 0,
27 silly tar     remain: 0,
27 silly tar     type: 'File',
27 silly tar     meta: false,
27 silly tar     ignore: false,
27 silly tar     path: 'template/base/.vscode/extensions.json',
27 silly tar     mode: 438,
27 silly tar     uid: 0,
27 silly tar     gid: 0,
27 silly tar     uname: '',
27 silly tar     gname: '',
27 silly tar     size: 39,
27 silly tar     mtime: 1985-10-26T08:15:00.000Z,
27 silly tar     atime: null,
27 silly tar     ctime: null,
27 silly tar     linkpath: '',
27 silly tar     absolute: '/Users/nelsonribeiro/ai-document-workflow/.npm-cache/_npx/2f7e7bff16d1c534/node_modules/create-vue/template/base/.vscode/extensions.json',
27 silly tar     [Symbol(shapeMode)]: false,
27 silly tar     [Symbol(kCapture)]: false,
27 silly tar     [Symbol(flowing)]: false,
27 silly tar     [Symbol(paused)]: true,
27 silly tar     [Symbol(pipes)]: [],
27 silly tar     [Symbol(buffer)]: [
27 silly tar       <Buffer 7b 0a 20 20 22 72 65 63 6f 6d 6d 65 6e 64 61 74 69 6f 6e 73 22 3a 20 5b 22 56 75 65 2e 76 6f 6c 61 72 22 5d 0a 7d 0a>
27 silly tar     ],
27 silly tar     [Symbol(objectMode)]: false,
27 silly tar     [Symbol(encoding)]: null,
27 silly tar     [Symbol(async)]: false,
27 silly tar     [Symbol(decoder)]: null,
27 silly tar     [Symbol(EOF)]: true,
27 silly tar     [Symbol(emittedEnd)]: false,
27 silly tar     [Symbol(emittingEnd)]: false,
27 silly tar     [Symbol(closed)]: false,
27 silly tar     [Symbol(emittedError)]: null,
27 silly tar     [Symbol(bufferLength)]: 39,
27 silly tar     [Symbol(destroyed)]: false,
27 silly tar     [Symbol(signal)]: undefined,
27 silly tar     [Symbol(aborted)]: false
27 silly tar   },
27 silly tar   cwd: '/Users/nelsonribeiro/ai-document-workflow/.npm-cache/_npx/2f7e7bff16d1c534/node_modules/create-vue',
27 silly tar   tarCode: 'TAR_ENTRY_ERROR'
27 silly tar }
28 warn tar TAR_ENTRY_ERROR ENOENT: no such file or directory, lstat '/Users/nelsonribeiro/ai-document-workflow/.npm-cache/_npx/2f7e7bff16d1c534/node_modules/create-vue/template/config/playwright/.vscode'
29 silly tar TAR_ENTRY_ERROR ENOENT: no such file or directory, lstat '/Users/nelsonribeiro/ai-document-workflow/.npm-cache/_npx/2f7e7bff16d1c534/node_modules/create-vue/template/config/playwright/.vscode' [Error: ENOENT: no such file or directory, lstat '/Users/nelsonribeiro/ai-document-workflow/.npm-cache/_npx/2f7e7bff16d1c534/node_modules/create-vue/template/config/playwright/.vscode'] {
29 silly tar   errno: -2,
29 silly tar   code: 'ENOENT',
29 silly tar   syscall: 'lstat',
29 silly tar   path: '/Users/nelsonribeiro/ai-document-workflow/.npm-cache/_npx/2f7e7bff16d1c534/node_modules/create-vue/template/config/playwright/.vscode',
29 silly tar   entry: ReadEntry {
29 silly tar     _events: [Object: null prototype] { end: [Function (anonymous)] },
29 silly tar     _eventsCount: 1,
29 silly tar     _maxListeners: undefined,
29 silly tar     writable: false,
29 silly tar     readable: true,
29 silly tar     extended: null,
29 silly tar     globalExtended: null,
29 silly tar     header: Header {
29 silly tar       cksumValid: true,
29 silly tar       needPax: false,
29 silly tar       nullBlock: false,
29 silly tar       block: null,
29 silly tar       path: 'package/template/config/playwright/.vscode/extensions.json',
29 silly tar       mode: 420,
29 silly tar       uid: 0,
29 silly tar       gid: 0,
29 silly tar       size: 54,
29 silly tar       mtime: 1985-10-26T08:15:00.000Z,
29 silly tar       cksum: 9559,
29 silly tar       linkpath: '',
29 silly tar       uname: '',
29 silly tar       gname: '',
29 silly tar       devmaj: 0,
29 silly tar       devmin: 0,
29 silly tar       atime: null,
29 silly tar       ctime: null,
29 silly tar       [Symbol(type)]: '0'
29 silly tar     },
29 silly tar     startBlockSize: 512,
29 silly tar     blockRemain: 0,
29 silly tar     remain: 0,
29 silly tar     type: 'File',
29 silly tar     meta: false,
29 silly tar     ignore: false,
29 silly tar     path: 'template/config/playwright/.vscode/extensions.json',
29 silly tar     mode: 438,
29 silly tar     uid: 0,
29 silly tar     gid: 0,
29 silly tar     uname: '',
29 silly tar     gname: '',
29 silly tar     size: 54,
29 silly tar     mtime: 1985-10-26T08:15:00.000Z,
29 silly tar     atime: null,
29 silly tar     ctime: null,
29 silly tar     linkpath: '',
29 silly tar     absolute: '/Users/nelsonribeiro/ai-document-workflow/.npm-cache/_npx/2f7e7bff16d1c534/node_modules/create-vue/template/config/playwright/.vscode/extensions.json',
29 silly tar     [Symbol(shapeMode)]: false,
29 silly tar     [Symbol(kCapture)]: false,
29 silly tar     [Symbol(flowing)]: false,
29 silly tar     [Symbol(paused)]: true,
29 silly tar     [Symbol(pipes)]: [],
29 silly tar     [Symbol(buffer)]: [
29 silly tar       <Buffer 7b 0a 20 20 22 72 65 63 6f 6d 6d 65 6e 64 61 74 69 6f 6e 73 22 3a 20 5b 22 6d 73 2d 70 6c 61 79 77 72 69 67 68 74 2e 70 6c 61 79 77 72 69 67 68 74 22 ... 4 more bytes>
29 silly tar     ],
29 silly tar     [Symbol(objectMode)]: false,
29 silly tar     [Symbol(encoding)]: null,
29 silly tar     [Symbol(async)]: false,
29 silly tar     [Symbol(decoder)]: null,
29 silly tar     [Symbol(EOF)]: true,
29 silly tar     [Symbol(emittedEnd)]: false,
29 silly tar     [Symbol(emittingEnd)]: false,
29 silly tar     [Symbol(closed)]: false,
29 silly tar     [Symbol(emittedError)]: null,
29 silly tar     [Symbol(bufferLength)]: 54,
29 silly tar     [Symbol(destroyed)]: false,
29 silly tar     [Symbol(signal)]: undefined,
29 silly tar     [Symbol(aborted)]: false
29 silly tar   },
29 silly tar   cwd: '/Users/nelsonribeiro/ai-document-workflow/.npm-cache/_npx/2f7e7bff16d1c534/node_modules/create-vue',
29 silly tar   tarCode: 'TAR_ENTRY_ERROR'
29 silly tar }
30 warn tar TAR_ENTRY_ERROR ENOENT: no such file or directory, lstat '/Users/nelsonribeiro/ai-document-workflow/.npm-cache/_npx/2f7e7bff16d1c534/node_modules/create-vue/template/config/vitest/.vscode'
31 silly tar TAR_ENTRY_ERROR ENOENT: no such file or directory, lstat '/Users/nelsonribeiro/ai-document-workflow/.npm-cache/_npx/2f7e7bff16d1c534/node_modules/create-vue/template/config/vitest/.vscode' [Error: ENOENT: no such file or directory, lstat '/Users/nelsonribeiro/ai-document-workflow/.npm-cache/_npx/2f7e7bff16d1c534/node_modules/create-vue/template/config/vitest/.vscode'] {
31 silly tar   errno: -2,
31 silly tar   code: 'ENOENT',
31 silly tar   syscall: 'lstat',
31 silly tar   path: '/Users/nelsonribeiro/ai-document-workflow/.npm-cache/_npx/2f7e7bff16d1c534/node_modules/create-vue/template/config/vitest/.vscode',
31 silly tar   entry: ReadEntry {
31 silly tar     _events: [Object: null prototype] { end: [Function (anonymous)] },
31 silly tar     _eventsCount: 1,
31 silly tar     _maxListeners: undefined,
31 silly tar     writable: false,
31 silly tar     readable: true,
31 silly tar     extended: null,
31 silly tar     globalExtended: null,
31 silly tar     header: Header {
31 silly tar       cksumValid: true,
31 silly tar       needPax: false,
31 silly tar       nullBlock: false,
31 silly tar       block: null,
31 silly tar       path: 'package/template/config/vitest/.vscode/extensions.json',
31 silly tar       mode: 420,
31 silly tar       uid: 0,
31 silly tar       gid: 0,
31 silly tar       size: 45,
31 silly tar       mtime: 1985-10-26T08:15:00.000Z,
31 silly tar       cksum: 9129,
31 silly tar       linkpath: '',
31 silly tar       uname: '',
31 silly tar       gname: '',
31 silly tar       devmaj: 0,
31 silly tar       devmin: 0,
31 silly tar       atime: null,
31 silly tar       ctime: null,
31 silly tar       [Symbol(type)]: '0'
31 silly tar     },
31 silly tar     startBlockSize: 512,
31 silly tar     blockRemain: 0,
31 silly tar     remain: 0,
31 silly tar     type: 'File',
31 silly tar     meta: false,
31 silly tar     ignore: false,
31 silly tar     path: 'template/config/vitest/.vscode/extensions.json',
31 silly tar     mode: 438,
31 silly tar     uid: 0,
31 silly tar     gid: 0,
31 silly tar     uname: '',
31 silly tar     gname: '',
31 silly tar     size: 45,
31 silly tar     mtime: 1985-10-26T08:15:00.000Z,
31 silly tar     atime: null,
31 silly tar     ctime: null,
31 silly tar     linkpath: '',
31 silly tar     absolute: '/Users/nelsonribeiro/ai-document-workflow/.npm-cache/_npx/2f7e7bff16d1c534/node_modules/create-vue/template/config/vitest/.vscode/extensions.json',
31 silly tar     [Symbol(shapeMode)]: false,
31 silly tar     [Symbol(kCapture)]: false,
31 silly tar     [Symbol(flowing)]: false,
31 silly tar     [Symbol(paused)]: true,
31 silly tar     [Symbol(pipes)]: [],
31 silly tar     [Symbol(buffer)]: [
31 silly tar       <Buffer 7b 0a 20 20 22 72 65 63 6f 6d 6d 65 6e 64 61 74 69 6f 6e 73 22 3a 20 5b 22 76 69 74 65 73 74 2e 65 78 70 6c 6f 72 65 72 22 5d 0a 7d 0a>
31 silly tar     ],
31 silly tar     [Symbol(objectMode)]: false,
31 silly tar     [Symbol(encoding)]: null,
31 silly tar     [Symbol(async)]: false,
31 silly tar     [Symbol(decoder)]: null,
31 silly tar     [Symbol(EOF)]: true,
31 silly tar     [Symbol(emittedEnd)]: false,
31 silly tar     [Symbol(emittingEnd)]: false,
31 silly tar     [Symbol(closed)]: false,
31 silly tar     [Symbol(emittedError)]: null,
31 silly tar     [Symbol(bufferLength)]: 45,
31 silly tar     [Symbol(destroyed)]: false,
31 silly tar     [Symbol(signal)]: undefined,
31 silly tar     [Symbol(aborted)]: false
31 silly tar   },
31 silly tar   cwd: '/Users/nelsonribeiro/ai-document-workflow/.npm-cache/_npx/2f7e7bff16d1c534/node_modules/create-vue',
31 silly tar   tarCode: 'TAR_ENTRY_ERROR'
31 silly tar }
32 warn tar TAR_ENTRY_ERROR ENOENT: no such file or directory, lstat '/Users/nelsonribeiro/ai-document-workflow/.npm-cache/_npx/2f7e7bff16d1c534/node_modules/create-vue/template/formatting/oxfmt/.vscode'
33 silly tar TAR_ENTRY_ERROR ENOENT: no such file or directory, lstat '/Users/nelsonribeiro/ai-document-workflow/.npm-cache/_npx/2f7e7bff16d1c534/node_modules/create-vue/template/formatting/oxfmt/.vscode' [Error: ENOENT: no such file or directory, lstat '/Users/nelsonribeiro/ai-document-workflow/.npm-cache/_npx/2f7e7bff16d1c534/node_modules/create-vue/template/formatting/oxfmt/.vscode'] {
33 silly tar   errno: -2,
33 silly tar   code: 'ENOENT',
33 silly tar   syscall: 'lstat',
33 silly tar   path: '/Users/nelsonribeiro/ai-document-workflow/.npm-cache/_npx/2f7e7bff16d1c534/node_modules/create-vue/template/formatting/oxfmt/.vscode',
33 silly tar   entry: ReadEntry {
33 silly tar     _events: [Object: null prototype] { end: [Function (anonymous)] },
33 silly tar     _eventsCount: 1,
33 silly tar     _maxListeners: undefined,
33 silly tar     writable: false,
33 silly tar     readable: true,
33 silly tar     extended: null,
33 silly tar     globalExtended: null,
33 silly tar     header: Header {
33 silly tar       cksumValid: true,
33 silly tar       needPax: false,
33 silly tar       nullBlock: false,
33 silly tar       block: null,
33 silly tar       path: 'package/template/formatting/oxfmt/.vscode/extensions.json',
33 silly tar       mode: 420,
33 silly tar       uid: 0,
33 silly tar       gid: 0,
33 silly tar       size: 44,
33 silly tar       mtime: 1985-10-26T08:15:00.000Z,
33 silly tar       cksum: 9468,
33 silly tar       linkpath: '',
33 silly tar       uname: '',
33 silly tar       gname: '',
33 silly tar       devmaj: 0,
33 silly tar       devmin: 0,
33 silly tar       atime: null,
33 silly tar       ctime: null,
33 silly tar       [Symbol(type)]: '0'
33 silly tar     },
33 silly tar     startBlockSize: 512,
33 silly tar     blockRemain: 0,
33 silly tar     remain: 0,
33 silly tar     type: 'File',
33 silly tar     meta: false,
33 silly tar     ignore: false,
33 silly tar     path: 'template/formatting/oxfmt/.vscode/extensions.json',
33 silly tar     mode: 438,
33 silly tar     uid: 0,
33 silly tar     gid: 0,
33 silly tar     uname: '',
33 silly tar     gname: '',
33 silly tar     size: 44,
33 silly tar     mtime: 1985-10-26T08:15:00.000Z,
33 silly tar     atime: null,
33 silly tar     ctime: null,
33 silly tar     linkpath: '',
33 silly tar     absolute: '/Users/nelsonribeiro/ai-document-workflow/.npm-cache/_npx/2f7e7bff16d1c534/node_modules/create-vue/template/formatting/oxfmt/.vscode/extensions.json',
33 silly tar     [Symbol(shapeMode)]: false,
33 silly tar     [Symbol(kCapture)]: false,
33 silly tar     [Symbol(flowing)]: false,
33 silly tar     [Symbol(paused)]: true,
33 silly tar     [Symbol(pipes)]: [],
33 silly tar     [Symbol(buffer)]: [
33 silly tar       <Buffer 7b 0a 20 20 22 72 65 63 6f 6d 6d 65 6e 64 61 74 69 6f 6e 73 22 3a 20 5b 22 6f 78 63 2e 6f 78 63 2d 76 73 63 6f 64 65 22 5d 0a 7d 0a>
33 silly tar     ],
33 silly tar     [Symbol(objectMode)]: false,
33 silly tar     [Symbol(encoding)]: null,
33 silly tar     [Symbol(async)]: false,
33 silly tar     [Symbol(decoder)]: null,
33 silly tar     [Symbol(EOF)]: true,
33 silly tar     [Symbol(emittedEnd)]: false,
33 silly tar     [Symbol(emittingEnd)]: false,
33 silly tar     [Symbol(closed)]: false,
33 silly tar     [Symbol(emittedError)]: null,
33 silly tar     [Symbol(bufferLength)]: 44,
33 silly tar     [Symbol(destroyed)]: false,
33 silly tar     [Symbol(signal)]: undefined,
33 silly tar     [Symbol(aborted)]: false
33 silly tar   },
33 silly tar   cwd: '/Users/nelsonribeiro/ai-document-workflow/.npm-cache/_npx/2f7e7bff16d1c534/node_modules/create-vue',
33 silly tar   tarCode: 'TAR_ENTRY_ERROR'
33 silly tar }
34 warn tar TAR_ENTRY_ERROR ENOENT: no such file or directory, lstat '/Users/nelsonribeiro/ai-document-workflow/.npm-cache/_npx/2f7e7bff16d1c534/node_modules/create-vue/template/formatting/prettier/.vscode'
35 silly tar TAR_ENTRY_ERROR ENOENT: no such file or directory, lstat '/Users/nelsonribeiro/ai-document-workflow/.npm-cache/_npx/2f7e7bff16d1c534/node_modules/create-vue/template/formatting/prettier/.vscode' [Error: ENOENT: no such file or directory, lstat '/Users/nelsonribeiro/ai-document-workflow/.npm-cache/_npx/2f7e7bff16d1c534/node_modules/create-vue/template/formatting/prettier/.vscode'] {
35 silly tar   errno: -2,
35 silly tar   code: 'ENOENT',
35 silly tar   syscall: 'lstat',
35 silly tar   path: '/Users/nelsonribeiro/ai-document-workflow/.npm-cache/_npx/2f7e7bff16d1c534/node_modules/create-vue/template/formatting/prettier/.vscode',
35 silly tar   entry: ReadEntry {
35 silly tar     _events: [Object: null prototype] { end: [Function (anonymous)] },
35 silly tar     _eventsCount: 1,
35 silly tar     _maxListeners: undefined,
35 silly tar     writable: false,
35 silly tar     readable: true,
35 silly tar     extended: null,
35 silly tar     globalExtended: null,
35 silly tar     header: Header {
35 silly tar       cksumValid: true,
35 silly tar       needPax: false,
35 silly tar       nullBlock: false,
35 silly tar       block: null,
35 silly tar       path: 'package/template/formatting/prettier/.vscode/extensions.json',
35 silly tar       mode: 420,
35 silly tar       uid: 0,
35 silly tar       gid: 0,
35 silly tar       size: 52,
35 silly tar       mtime: 1985-10-26T08:15:00.000Z,
35 silly tar       cksum: 9790,
35 silly tar       linkpath: '',
35 silly tar       uname: '',
35 silly tar       gname: '',
35 silly tar       devmaj: 0,
35 silly tar       devmin: 0,
35 silly tar       atime: null,
35 silly tar       ctime: null,
35 silly tar       [Symbol(type)]: '0'
35 silly tar     },
35 silly tar     startBlockSize: 512,
35 silly tar     blockRemain: 0,
35 silly tar     remain: 0,
35 silly tar     type: 'File',
35 silly tar     meta: false,
35 silly tar     ignore: false,
35 silly tar     path: 'template/formatting/prettier/.vscode/extensions.json',
35 silly tar     mode: 438,
35 silly tar     uid: 0,
35 silly tar     gid: 0,
35 silly tar     uname: '',
35 silly tar     gname: '',
35 silly tar     size: 52,
35 silly tar     mtime: 1985-10-26T08:15:00.000Z,
35 silly tar     atime: null,
35 silly tar     ctime: null,
35 silly tar     linkpath: '',
35 silly tar     absolute: '/Users/nelsonribeiro/ai-document-workflow/.npm-cache/_npx/2f7e7bff16d1c534/node_modules/create-vue/template/formatting/prettier/.vscode/extensions.json',
35 silly tar     [Symbol(shapeMode)]: false,
35 silly tar     [Symbol(kCapture)]: false,
35 silly tar     [Symbol(flowing)]: false,
35 silly tar     [Symbol(paused)]: true,
35 silly tar     [Symbol(pipes)]: [],
35 silly tar     [Symbol(buffer)]: [
35 silly tar       <Buffer 7b 0a 20 20 22 72 65 63 6f 6d 6d 65 6e 64 61 74 69 6f 6e 73 22 3a 20 5b 22 65 73 62 65 6e 70 2e 70 72 65 74 74 69 65 72 2d 76 73 63 6f 64 65 22 5d 0a ... 2 more bytes>
35 silly tar     ],
35 silly tar     [Symbol(objectMode)]: false,
35 silly tar     [Symbol(encoding)]: null,
35 silly tar     [Symbol(async)]: false,
35 silly tar     [Symbol(decoder)]: null,
35 silly tar     [Symbol(EOF)]: true,
35 silly tar     [Symbol(emittedEnd)]: false,
35 silly tar     [Symbol(emittingEnd)]: false,
35 silly tar     [Symbol(closed)]: false,
35 silly tar     [Symbol(emittedError)]: null,
35 silly tar     [Symbol(bufferLength)]: 52,
35 silly tar     [Symbol(destroyed)]: false,
35 silly tar     [Symbol(signal)]: undefined,
35 silly tar     [Symbol(aborted)]: false
35 silly tar   },
35 silly tar   cwd: '/Users/nelsonribeiro/ai-document-workflow/.npm-cache/_npx/2f7e7bff16d1c534/node_modules/create-vue',
35 silly tar   tarCode: 'TAR_ENTRY_ERROR'
35 silly tar }
36 warn tar TAR_ENTRY_ERROR ENOENT: no such file or directory, lstat '/Users/nelsonribeiro/ai-document-workflow/.npm-cache/_npx/2f7e7bff16d1c534/node_modules/create-vue/template/linting/base/.vscode'
37 silly tar TAR_ENTRY_ERROR ENOENT: no such file or directory, lstat '/Users/nelsonribeiro/ai-document-workflow/.npm-cache/_npx/2f7e7bff16d1c534/node_modules/create-vue/template/linting/base/.vscode' [Error: ENOENT: no such file or directory, lstat '/Users/nelsonribeiro/ai-document-workflow/.npm-cache/_npx/2f7e7bff16d1c534/node_modules/create-vue/template/linting/base/.vscode'] {
37 silly tar   errno: -2,
37 silly tar   code: 'ENOENT',
37 silly tar   syscall: 'lstat',
37 silly tar   path: '/Users/nelsonribeiro/ai-document-workflow/.npm-cache/_npx/2f7e7bff16d1c534/node_modules/create-vue/template/linting/base/.vscode',
37 silly tar   entry: ReadEntry {
37 silly tar     _events: [Object: null prototype] { end: [Function (anonymous)] },
37 silly tar     _eventsCount: 1,
37 silly tar     _maxListeners: undefined,
37 silly tar     writable: false,
37 silly tar     readable: true,
37 silly tar     extended: null,
37 silly tar     globalExtended: null,
37 silly tar     header: Header {
37 silly tar       cksumValid: true,
37 silly tar       needPax: false,
37 silly tar       nullBlock: false,
37 silly tar       block: null,
37 silly tar       path: 'package/template/linting/base/.vscode/extensions.json',
37 silly tar       mode: 420,
37 silly tar       uid: 0,
37 silly tar       gid: 0,
37 silly tar       size: 81,
37 silly tar       mtime: 1985-10-26T08:15:00.000Z,
37 silly tar       cksum: 8990,
37 silly tar       linkpath: '',
37 silly tar       uname: '',
37 silly tar       gname: '',
37 silly tar       devmaj: 0,
37 silly tar       devmin: 0,
37 silly tar       atime: null,
37 silly tar       ctime: null,
37 silly tar       [Symbol(type)]: '0'
37 silly tar     },
37 silly tar     startBlockSize: 512,
37 silly tar     blockRemain: 0,
37 silly tar     remain: 0,
37 silly tar     type: 'File',
37 silly tar     meta: false,
37 silly tar     ignore: false,
37 silly tar     path: 'template/linting/base/.vscode/extensions.json',
37 silly tar     mode: 438,
37 silly tar     uid: 0,
37 silly tar     gid: 0,
37 silly tar     uname: '',
37 silly tar     gname: '',
37 silly tar     size: 81,
37 silly tar     mtime: 1985-10-26T08:15:00.000Z,
37 silly tar     atime: null,
37 silly tar     ctime: null,
37 silly tar     linkpath: '',
37 silly tar     absolute: '/Users/nelsonribeiro/ai-document-workflow/.npm-cache/_npx/2f7e7bff16d1c534/node_modules/create-vue/template/linting/base/.vscode/extensions.json',
37 silly tar     [Symbol(shapeMode)]: false,
37 silly tar     [Symbol(kCapture)]: false,
37 silly tar     [Symbol(flowing)]: false,
37 silly tar     [Symbol(paused)]: true,
37 silly tar     [Symbol(pipes)]: [],
37 silly tar     [Symbol(buffer)]: [
37 silly tar       <Buffer 7b 0a 20 20 22 72 65 63 6f 6d 6d 65 6e 64 61 74 69 6f 6e 73 22 3a 20 5b 22 64 62 61 65 75 6d 65 72 2e 76 73 63 6f 64 65 2d 65 73 6c 69 6e 74 22 2c 20 ... 31 more bytes>
37 silly tar     ],
37 silly tar     [Symbol(objectMode)]: false,
37 silly tar     [Symbol(encoding)]: null,
37 silly tar     [Symbol(async)]: false,
37 silly tar     [Symbol(decoder)]: null,
37 silly tar     [Symbol(EOF)]: true,
37 silly tar     [Symbol(emittedEnd)]: false,
37 silly tar     [Symbol(emittingEnd)]: false,
37 silly tar     [Symbol(closed)]: false,
37 silly tar     [Symbol(emittedError)]: null,
37 silly tar     [Symbol(bufferLength)]: 81,
37 silly tar     [Symbol(destroyed)]: false,
37 silly tar     [Symbol(signal)]: undefined,
37 silly tar     [Symbol(aborted)]: false
37 silly tar   },
37 silly tar   cwd: '/Users/nelsonribeiro/ai-document-workflow/.npm-cache/_npx/2f7e7bff16d1c534/node_modules/create-vue',
37 silly tar   tarCode: 'TAR_ENTRY_ERROR'
37 silly tar }
38 warn tar TAR_ENTRY_ERROR ENOENT: no such file or directory, lstat '/Users/nelsonribeiro/ai-document-workflow/.npm-cache/_npx/2f7e7bff16d1c534/node_modules/create-vue/template/linting/oxlint/.vscode'
39 silly tar TAR_ENTRY_ERROR ENOENT: no such file or directory, lstat '/Users/nelsonribeiro/ai-document-workflow/.npm-cache/_npx/2f7e7bff16d1c534/node_modules/create-vue/template/linting/oxlint/.vscode' [Error: ENOENT: no such file or directory, lstat '/Users/nelsonribeiro/ai-document-workflow/.npm-cache/_npx/2f7e7bff16d1c534/node_modules/create-vue/template/linting/oxlint/.vscode'] {
39 silly tar   errno: -2,
39 silly tar   code: 'ENOENT',
39 silly tar   syscall: 'lstat',
39 silly tar   path: '/Users/nelsonribeiro/ai-document-workflow/.npm-cache/_npx/2f7e7bff16d1c534/node_modules/create-vue/template/linting/oxlint/.vscode',
39 silly tar   entry: ReadEntry {
39 silly tar     _events: [Object: null prototype] { end: [Function (anonymous)] },
39 silly tar     _eventsCount: 1,
39 silly tar     _maxListeners: undefined,
39 silly tar     writable: false,
39 silly tar     readable: true,
39 silly tar     extended: null,
39 silly tar     globalExtended: null,
39 silly tar     header: Header {
39 silly tar       cksumValid: true,
39 silly tar       needPax: false,
39 silly tar       nullBlock: false,
39 silly tar       block: null,
39 silly tar       path: 'package/template/linting/oxlint/.vscode/extensions.json',
39 silly tar       mode: 420,
39 silly tar       uid: 0,
39 silly tar       gid: 0,
39 silly tar       size: 44,
39 silly tar       mtime: 1985-10-26T08:15:00.000Z,
39 silly tar       cksum: 9254,
39 silly tar       linkpath: '',
39 silly tar       uname: '',
39 silly tar       gname: '',
39 silly tar       devmaj: 0,
39 silly tar       devmin: 0,
39 silly tar       atime: null,
39 silly tar       ctime: null,
39 silly tar       [Symbol(type)]: '0'
39 silly tar     },
39 silly tar     startBlockSize: 512,
39 silly tar     blockRemain: 0,
39 silly tar     remain: 0,
39 silly tar     type: 'File',
39 silly tar     meta: false,
39 silly tar     ignore: false,
39 silly tar     path: 'template/linting/oxlint/.vscode/extensions.json',
39 silly tar     mode: 438,
39 silly tar     uid: 0,
39 silly tar     gid: 0,
39 silly tar     uname: '',
39 silly tar     gname: '',
39 silly tar     size: 44,
39 silly tar     mtime: 1985-10-26T08:15:00.000Z,
39 silly tar     atime: null,
39 silly tar     ctime: null,
39 silly tar     linkpath: '',
39 silly tar     absolute: '/Users/nelsonribeiro/ai-document-workflow/.npm-cache/_npx/2f7e7bff16d1c534/node_modules/create-vue/template/linting/oxlint/.vscode/extensions.json',
39 silly tar     [Symbol(shapeMode)]: false,
39 silly tar     [Symbol(kCapture)]: false,
39 silly tar     [Symbol(flowing)]: false,
39 silly tar     [Symbol(paused)]: true,
39 silly tar     [Symbol(pipes)]: [],
39 silly tar     [Symbol(buffer)]: [
39 silly tar       <Buffer 7b 0a 20 20 22 72 65 63 6f 6d 6d 65 6e 64 61 74 69 6f 6e 73 22 3a 20 5b 22 6f 78 63 2e 6f 78 63 2d 76 73 63 6f 64 65 22 5d 0a 7d 0a>
39 silly tar     ],
39 silly tar     [Symbol(objectMode)]: false,
39 silly tar     [Symbol(encoding)]: null,
39 silly tar     [Symbol(async)]: false,
39 silly tar     [Symbol(decoder)]: null,
39 silly tar     [Symbol(EOF)]: true,
39 silly tar     [Symbol(emittedEnd)]: false,
39 silly tar     [Symbol(emittingEnd)]: false,
39 silly tar     [Symbol(closed)]: false,
39 silly tar     [Symbol(emittedError)]: null,
39 silly tar     [Symbol(bufferLength)]: 44,
39 silly tar     [Symbol(destroyed)]: false,
39 silly tar     [Symbol(signal)]: undefined,
39 silly tar     [Symbol(aborted)]: false
39 silly tar   },
39 silly tar   cwd: '/Users/nelsonribeiro/ai-document-workflow/.npm-cache/_npx/2f7e7bff16d1c534/node_modules/create-vue',
39 silly tar   tarCode: 'TAR_ENTRY_ERROR'
39 silly tar }
40 warn tar TAR_ENTRY_ERROR ENOENT: no such file or directory, lstat '/Users/nelsonribeiro/ai-document-workflow/.npm-cache/_npx/2f7e7bff16d1c534/node_modules/create-vue/template/base/.vscode'
41 silly tar TAR_ENTRY_ERROR ENOENT: no such file or directory, lstat '/Users/nelsonribeiro/ai-document-workflow/.npm-cache/_npx/2f7e7bff16d1c534/node_modules/create-vue/template/base/.vscode' [Error: ENOENT: no such file or directory, lstat '/Users/nelsonribeiro/ai-document-workflow/.npm-cache/_npx/2f7e7bff16d1c534/node_modules/create-vue/template/base/.vscode'] {
41 silly tar   errno: -2,
41 silly tar   code: 'ENOENT',
41 silly tar   syscall: 'lstat',
41 silly tar   path: '/Users/nelsonribeiro/ai-document-workflow/.npm-cache/_npx/2f7e7bff16d1c534/node_modules/create-vue/template/base/.vscode',
41 silly tar   entry: ReadEntry {
41 silly tar     _events: [Object: null prototype] { end: [Function (anonymous)] },
41 silly tar     _eventsCount: 1,
41 silly tar     _maxListeners: undefined,
41 silly tar     writable: false,
41 silly tar     readable: true,
41 silly tar     extended: null,
41 silly tar     globalExtended: null,
41 silly tar     header: Header {
41 silly tar       cksumValid: true,
41 silly tar       needPax: false,
41 silly tar       nullBlock: false,
41 silly tar       block: null,
41 silly tar       path: 'package/template/base/.vscode/settings.json',
41 silly tar       mode: 420,
41 silly tar       uid: 0,
41 silly tar       gid: 0,
41 silly tar       size: 393,
41 silly tar       mtime: 1985-10-26T08:15:00.000Z,
41 silly tar       cksum: 7967,
41 silly tar       linkpath: '',
41 silly tar       uname: '',
41 silly tar       gname: '',
41 silly tar       devmaj: 0,
41 silly tar       devmin: 0,
41 silly tar       atime: null,
41 silly tar       ctime: null,
41 silly tar       [Symbol(type)]: '0'
41 silly tar     },
41 silly tar     startBlockSize: 512,
41 silly tar     blockRemain: 0,
41 silly tar     remain: 0,
41 silly tar     type: 'File',
41 silly tar     meta: false,
41 silly tar     ignore: false,
41 silly tar     path: 'template/base/.vscode/settings.json',
41 silly tar     mode: 438,
41 silly tar     uid: 0,
41 silly tar     gid: 0,
41 silly tar     uname: '',
41 silly tar     gname: '',
41 silly tar     size: 393,
41 silly tar     mtime: 1985-10-26T08:15:00.000Z,
41 silly tar     atime: null,
41 silly tar     ctime: null,
41 silly tar     linkpath: '',
41 silly tar     absolute: '/Users/nelsonribeiro/ai-document-workflow/.npm-cache/_npx/2f7e7bff16d1c534/node_modules/create-vue/template/base/.vscode/settings.json',
41 silly tar     [Symbol(shapeMode)]: false,
41 silly tar     [Symbol(kCapture)]: false,
41 silly tar     [Symbol(flowing)]: false,
41 silly tar     [Symbol(paused)]: true,
41 silly tar     [Symbol(pipes)]: [],
41 silly tar     [Symbol(buffer)]: [
41 silly tar       <Buffer 7b 0a 20 20 22 65 78 70 6c 6f 72 65 72 2e 66 69 6c 65 4e 65 73 74 69 6e 67 2e 65 6e 61 62 6c 65 64 22 3a 20 74 72 75 65 2c 0a 20 20 22 65 78 70 6c 6f ... 343 more bytes>
41 silly tar     ],
41 silly tar     [Symbol(objectMode)]: false,
41 silly tar     [Symbol(encoding)]: null,
41 silly tar     [Symbol(async)]: false,
41 silly tar     [Symbol(decoder)]: null,
41 silly tar     [Symbol(EOF)]: true,
41 silly tar     [Symbol(emittedEnd)]: false,
41 silly tar     [Symbol(emittingEnd)]: false,
41 silly tar     [Symbol(closed)]: false,
41 silly tar     [Symbol(emittedError)]: null,
41 silly tar     [Symbol(bufferLength)]: 393,
41 silly tar     [Symbol(destroyed)]: false,
41 silly tar     [Symbol(signal)]: undefined,
41 silly tar     [Symbol(aborted)]: false
41 silly tar   },
41 silly tar   cwd: '/Users/nelsonribeiro/ai-document-workflow/.npm-cache/_npx/2f7e7bff16d1c534/node_modules/create-vue',
41 silly tar   tarCode: 'TAR_ENTRY_ERROR'
41 silly tar }
42 warn tar TAR_ENTRY_ERROR ENOENT: no such file or directory, lstat '/Users/nelsonribeiro/ai-document-workflow/.npm-cache/_npx/2f7e7bff16d1c534/node_modules/create-vue/template/formatting/oxfmt/.vscode'
43 silly tar TAR_ENTRY_ERROR ENOENT: no such file or directory, lstat '/Users/nelsonribeiro/ai-document-workflow/.npm-cache/_npx/2f7e7bff16d1c534/node_modules/create-vue/template/formatting/oxfmt/.vscode' [Error: ENOENT: no such file or directory, lstat '/Users/nelsonribeiro/ai-document-workflow/.npm-cache/_npx/2f7e7bff16d1c534/node_modules/create-vue/template/formatting/oxfmt/.vscode'] {
43 silly tar   errno: -2,
43 silly tar   code: 'ENOENT',
43 silly tar   syscall: 'lstat',
43 silly tar   path: '/Users/nelsonribeiro/ai-document-workflow/.npm-cache/_npx/2f7e7bff16d1c534/node_modules/create-vue/template/formatting/oxfmt/.vscode',
43 silly tar   entry: ReadEntry {
43 silly tar     _events: [Object: null prototype] { end: [Function (anonymous)] },
43 silly tar     _eventsCount: 1,
43 silly tar     _maxListeners: undefined,
43 silly tar     writable: false,
43 silly tar     readable: true,
43 silly tar     extended: null,
43 silly tar     globalExtended: null,
43 silly tar     header: Header {
43 silly tar       cksumValid: true,
43 silly tar       needPax: false,
43 silly tar       nullBlock: false,
43 silly tar       block: null,
43 silly tar       path: 'package/template/formatting/oxfmt/.vscode/settings.json',
43 silly tar       mode: 420,
43 silly tar       uid: 0,
43 silly tar       gid: 0,
43 silly tar       size: 81,
43 silly tar       mtime: 1985-10-26T08:15:00.000Z,
43 silly tar       cksum: 9240,
43 silly tar       linkpath: '',
43 silly tar       uname: '',
43 silly tar       gname: '',
43 silly tar       devmaj: 0,
43 silly tar       devmin: 0,
43 silly tar       atime: null,
43 silly tar       ctime: null,
43 silly tar       [Symbol(type)]: '0'
43 silly tar     },
43 silly tar     startBlockSize: 512,
43 silly tar     blockRemain: 0,
43 silly tar     remain: 0,
43 silly tar     type: 'File',
43 silly tar     meta: false,
43 silly tar     ignore: false,
43 silly tar     path: 'template/formatting/oxfmt/.vscode/settings.json',
43 silly tar     mode: 438,
43 silly tar     uid: 0,
43 silly tar     gid: 0,
43 silly tar     uname: '',
43 silly tar     gname: '',
43 silly tar     size: 81,
43 silly tar     mtime: 1985-10-26T08:15:00.000Z,
43 silly tar     atime: null,
43 silly tar     ctime: null,
43 silly tar     linkpath: '',
43 silly tar     absolute: '/Users/nelsonribeiro/ai-document-workflow/.npm-cache/_npx/2f7e7bff16d1c534/node_modules/create-vue/template/formatting/oxfmt/.vscode/settings.json',
43 silly tar     [Symbol(shapeMode)]: false,
43 silly tar     [Symbol(kCapture)]: false,
43 silly tar     [Symbol(flowing)]: false,
43 silly tar     [Symbol(paused)]: true,
43 silly tar     [Symbol(pipes)]: [],
43 silly tar     [Symbol(buffer)]: [
43 silly tar       <Buffer 7b 0a 20 20 22 65 64 69 74 6f 72 2e 66 6f 72 6d 61 74 4f 6e 53 61 76 65 22 3a 20 74 72 75 65 2c 0a 20 20 22 65 64 69 74 6f 72 2e 64 65 66 61 75 6c 74 ... 31 more bytes>
43 silly tar     ],
43 silly tar     [Symbol(objectMode)]: false,
43 silly tar     [Symbol(encoding)]: null,
43 silly tar     [Symbol(async)]: false,
43 silly tar     [Symbol(decoder)]: null,
43 silly tar     [Symbol(EOF)]: true,
43 silly tar     [Symbol(emittedEnd)]: false,
43 silly tar     [Symbol(emittingEnd)]: false,
43 silly tar     [Symbol(closed)]: false,
43 silly tar     [Symbol(emittedError)]: null,
43 silly tar     [Symbol(bufferLength)]: 81,
43 silly tar     [Symbol(destroyed)]: false,
43 silly tar     [Symbol(signal)]: undefined,
43 silly tar     [Symbol(aborted)]: false
43 silly tar   },
43 silly tar   cwd: '/Users/nelsonribeiro/ai-document-workflow/.npm-cache/_npx/2f7e7bff16d1c534/node_modules/create-vue',
43 silly tar   tarCode: 'TAR_ENTRY_ERROR'
43 silly tar }
44 warn tar TAR_ENTRY_ERROR ENOENT: no such file or directory, lstat '/Users/nelsonribeiro/ai-document-workflow/.npm-cache/_npx/2f7e7bff16d1c534/node_modules/create-vue/template/formatting/prettier/.vscode'
45 silly tar TAR_ENTRY_ERROR ENOENT: no such file or directory, lstat '/Users/nelsonribeiro/ai-document-workflow/.npm-cache/_npx/2f7e7bff16d1c534/node_modules/create-vue/template/formatting/prettier/.vscode' [Error: ENOENT: no such file or directory, lstat '/Users/nelsonribeiro/ai-document-workflow/.npm-cache/_npx/2f7e7bff16d1c534/node_modules/create-vue/template/formatting/prettier/.vscode'] {
45 silly tar   errno: -2,
45 silly tar   code: 'ENOENT',
45 silly tar   syscall: 'lstat',
45 silly tar   path: '/Users/nelsonribeiro/ai-document-workflow/.npm-cache/_npx/2f7e7bff16d1c534/node_modules/create-vue/template/formatting/prettier/.vscode',
45 silly tar   entry: ReadEntry {
45 silly tar     _events: [Object: null prototype] { end: [Function (anonymous)] },
45 silly tar     _eventsCount: 1,
45 silly tar     _maxListeners: undefined,
45 silly tar     writable: false,
45 silly tar     readable: true,
45 silly tar     extended: null,
45 silly tar     globalExtended: null,
45 silly tar     header: Header {
45 silly tar       cksumValid: true,
45 silly tar       needPax: false,
45 silly tar       nullBlock: false,
45 silly tar       block: null,
45 silly tar       path: 'package/template/formatting/prettier/.vscode/settings.json',
45 silly tar       mode: 420,
45 silly tar       uid: 0,
45 silly tar       gid: 0,
45 silly tar       size: 89,
45 silly tar       mtime: 1985-10-26T08:15:00.000Z,
45 silly tar       cksum: 9562,
45 silly tar       linkpath: '',
45 silly tar       uname: '',
45 silly tar       gname: '',
45 silly tar       devmaj: 0,
45 silly tar       devmin: 0,
45 silly tar       atime: null,
45 silly tar       ctime: null,
45 silly tar       [Symbol(type)]: '0'
45 silly tar     },
45 silly tar     startBlockSize: 512,
45 silly tar     blockRemain: 0,
45 silly tar     remain: 0,
45 silly tar     type: 'File',
45 silly tar     meta: false,
45 silly tar     ignore: false,
45 silly tar     path: 'template/formatting/prettier/.vscode/settings.json',
45 silly tar     mode: 438,
45 silly tar     uid: 0,
45 silly tar     gid: 0,
45 silly tar     uname: '',
45 silly tar     gname: '',
45 silly tar     size: 89,
45 silly tar     mtime: 1985-10-26T08:15:00.000Z,
45 silly tar     atime: null,
45 silly tar     ctime: null,
45 silly tar     linkpath: '',
45 silly tar     absolute: '/Users/nelsonribeiro/ai-document-workflow/.npm-cache/_npx/2f7e7bff16d1c534/node_modules/create-vue/template/formatting/prettier/.vscode/settings.json',
45 silly tar     [Symbol(shapeMode)]: false,
45 silly tar     [Symbol(kCapture)]: false,
45 silly tar     [Symbol(flowing)]: false,
45 silly tar     [Symbol(paused)]: true,
45 silly tar     [Symbol(pipes)]: [],
45 silly tar     [Symbol(buffer)]: [
45 silly tar       <Buffer 7b 0a 20 20 22 65 64 69 74 6f 72 2e 66 6f 72 6d 61 74 4f 6e 53 61 76 65 22 3a 20 74 72 75 65 2c 0a 20 20 22 65 64 69 74 6f 72 2e 64 65 66 61 75 6c 74 ... 39 more bytes>
45 silly tar     ],
45 silly tar     [Symbol(objectMode)]: false,
45 silly tar     [Symbol(encoding)]: null,
45 silly tar     [Symbol(async)]: false,
45 silly tar     [Symbol(decoder)]: null,
45 silly tar     [Symbol(EOF)]: true,
45 silly tar     [Symbol(emittedEnd)]: false,
45 silly tar     [Symbol(emittingEnd)]: false,
45 silly tar     [Symbol(closed)]: false,
45 silly tar     [Symbol(emittedError)]: null,
45 silly tar     [Symbol(bufferLength)]: 89,
45 silly tar     [Symbol(destroyed)]: false,
45 silly tar     [Symbol(signal)]: undefined,
45 silly tar     [Symbol(aborted)]: false
45 silly tar   },
45 silly tar   cwd: '/Users/nelsonribeiro/ai-document-workflow/.npm-cache/_npx/2f7e7bff16d1c534/node_modules/create-vue',
45 silly tar   tarCode: 'TAR_ENTRY_ERROR'
45 silly tar }
46 warn tar TAR_ENTRY_ERROR ENOENT: no such file or directory, lstat '/Users/nelsonribeiro/ai-document-workflow/.npm-cache/_npx/2f7e7bff16d1c534/node_modules/create-vue/template/linting/base/.vscode'
47 silly tar TAR_ENTRY_ERROR ENOENT: no such file or directory, lstat '/Users/nelsonribeiro/ai-document-workflow/.npm-cache/_npx/2f7e7bff16d1c534/node_modules/create-vue/template/linting/base/.vscode' [Error: ENOENT: no such file or directory, lstat '/Users/nelsonribeiro/ai-document-workflow/.npm-cache/_npx/2f7e7bff16d1c534/node_modules/create-vue/template/linting/base/.vscode'] {
47 silly tar   errno: -2,
47 silly tar   code: 'ENOENT',
47 silly tar   syscall: 'lstat',
47 silly tar   path: '/Users/nelsonribeiro/ai-document-workflow/.npm-cache/_npx/2f7e7bff16d1c534/node_modules/create-vue/template/linting/base/.vscode',
47 silly tar   entry: ReadEntry {
47 silly tar     _events: [Object: null prototype] { end: [Function (anonymous)] },
47 silly tar     _eventsCount: 1,
47 silly tar     _maxListeners: undefined,
47 silly tar     writable: false,
47 silly tar     readable: true,
47 silly tar     extended: null,
47 silly tar     globalExtended: null,
47 silly tar     header: Header {
47 silly tar       cksumValid: true,
47 silly tar       needPax: false,
47 silly tar       nullBlock: false,
47 silly tar       block: null,
47 silly tar       path: 'package/template/linting/base/.vscode/settings.json',
47 silly tar       mode: 420,
47 silly tar       uid: 0,
47 silly tar       gid: 0,
47 silly tar       size: 72,
47 silly tar       mtime: 1985-10-26T08:15:00.000Z,
47 silly tar       cksum: 8765,
47 silly tar       linkpath: '',
47 silly tar       uname: '',
47 silly tar       gname: '',
47 silly tar       devmaj: 0,
47 silly tar       devmin: 0,
47 silly tar       atime: null,
47 silly tar       ctime: null,
47 silly tar       [Symbol(type)]: '0'
47 silly tar     },
47 silly tar     startBlockSize: 512,
47 silly tar     blockRemain: 0,
47 silly tar     remain: 0,
47 silly tar     type: 'File',
47 silly tar     meta: false,
47 silly tar     ignore: false,
47 silly tar     path: 'template/linting/base/.vscode/settings.json',
47 silly tar     mode: 438,
47 silly tar     uid: 0,
47 silly tar     gid: 0,
47 silly tar     uname: '',
47 silly tar     gname: '',
47 silly tar     size: 72,
47 silly tar     mtime: 1985-10-26T08:15:00.000Z,
47 silly tar     atime: null,
47 silly tar     ctime: null,
47 silly tar     linkpath: '',
47 silly tar     absolute: '/Users/nelsonribeiro/ai-document-workflow/.npm-cache/_npx/2f7e7bff16d1c534/node_modules/create-vue/template/linting/base/.vscode/settings.json',
47 silly tar     [Symbol(shapeMode)]: false,
47 silly tar     [Symbol(kCapture)]: false,
47 silly tar     [Symbol(flowing)]: false,
47 silly tar     [Symbol(paused)]: true,
47 silly tar     [Symbol(pipes)]: [],
47 silly tar     [Symbol(buffer)]: [
47 silly tar       <Buffer 7b 0a 20 20 22 65 64 69 74 6f 72 2e 63 6f 64 65 41 63 74 69 6f 6e 73 4f 6e 53 61 76 65 22 3a 20 7b 0a 20 20 20 20 22 73 6f 75 72 63 65 2e 66 69 78 41 ... 22 more bytes>
47 silly tar     ],
47 silly tar     [Symbol(objectMode)]: false,
47 silly tar     [Symbol(encoding)]: null,
47 silly tar     [Symbol(async)]: false,
47 silly tar     [Symbol(decoder)]: null,
47 silly tar     [Symbol(EOF)]: true,
47 silly tar     [Symbol(emittedEnd)]: false,
47 silly tar     [Symbol(emittingEnd)]: false,
47 silly tar     [Symbol(closed)]: false,
47 silly tar     [Symbol(emittedError)]: null,
47 silly tar     [Symbol(bufferLength)]: 72,
47 silly tar     [Symbol(destroyed)]: false,
47 silly tar     [Symbol(signal)]: undefined,
47 silly tar     [Symbol(aborted)]: false
47 silly tar   },
47 silly tar   cwd: '/Users/nelsonribeiro/ai-document-workflow/.npm-cache/_npx/2f7e7bff16d1c534/node_modules/create-vue',
47 silly tar   tarCode: 'TAR_ENTRY_ERROR'
47 silly tar }
48 http fetch GET 200 https://registry.npmjs.org/create-vue/-/create-vue-3.22.1.tgz 163ms (cache miss)
49 http fetch POST 200 https://registry.npmjs.org/-/npm/v1/security/advisories/bulk 234ms
50 silly audit report {}
51 verbose cwd /Users/nelsonribeiro/ai-document-workflow
52 verbose os Darwin 25.3.0
53 verbose node v22.19.0
54 verbose npm  v10.9.3
55 verbose exit 0
56 info ok
